// Vitest Snapshot v1, https://vitest.dev/guide/snapshot.html

exports[`SpiceDBSchemaLexer > should return tokens for a simple schema 1`] = `
[
  Token {
    "col": 49,
    "lexeme": "definition",
    "line": 3,
    "literal": "definition",
    "token": 1,
  },
  Token {
    "col": 54,
    "lexeme": "user",
    "line": 3,
    "literal": "user",
    "token": 0,
  },
  Token {
    "col": 56,
    "lexeme": "{",
    "line": 3,
    "literal": null,
    "token": 13,
  },
  Token {
    "col": 57,
    "lexeme": "}",
    "line": 3,
    "literal": null,
    "token": 14,
  },
  Token {
    "col": 114,
    "lexeme": "definition",
    "line": 6,
    "literal": "definition",
    "token": 1,
  },
  Token {
    "col": 120,
    "lexeme": "group",
    "line": 6,
    "literal": "group",
    "token": 0,
  },
  Token {
    "col": 122,
    "lexeme": "{",
    "line": 6,
    "literal": null,
    "token": 13,
  },
  Token {
    "col": 240,
    "lexeme": "relation",
    "line": 8,
    "literal": "relation",
    "token": 2,
  },
  Token {
    "col": 247,
    "lexeme": "member",
    "line": 8,
    "literal": "member",
    "token": 0,
  },
  Token {
    "col": 248,
    "lexeme": ":",
    "line": 8,
    "literal": null,
    "token": 12,
  },
  Token {
    "col": 253,
    "lexeme": "user",
    "line": 8,
    "literal": "user",
    "token": 0,
  },
  Token {
    "col": 255,
    "lexeme": "|",
    "line": 8,
    "literal": null,
    "token": 9,
  },
  Token {
    "col": 261,
    "lexeme": "group",
    "line": 8,
    "literal": "group",
    "token": 0,
  },
  Token {
    "col": 262,
    "lexeme": "#",
    "line": 8,
    "literal": null,
    "token": 11,
  },
  Token {
    "col": 268,
    "lexeme": "member",
    "line": 8,
    "literal": "member",
    "token": 0,
  },
  Token {
    "col": 274,
    "lexeme": "}",
    "line": 9,
    "literal": null,
    "token": 14,
  },
  Token {
    "col": 336,
    "lexeme": "definition",
    "line": 12,
    "literal": "definition",
    "token": 1,
  },
  Token {
    "col": 345,
    "lexeme": "document",
    "line": 12,
    "literal": "document",
    "token": 0,
  },
  Token {
    "col": 347,
    "lexeme": "{",
    "line": 12,
    "literal": null,
    "token": 13,
  },
  Token {
    "col": 414,
    "lexeme": "relation",
    "line": 14,
    "literal": "relation",
    "token": 2,
  },
  Token {
    "col": 421,
    "lexeme": "writer",
    "line": 14,
    "literal": "writer",
    "token": 0,
  },
  Token {
    "col": 422,
    "lexeme": ":",
    "line": 14,
    "literal": null,
    "token": 12,
  },
  Token {
    "col": 427,
    "lexeme": "user",
    "line": 14,
    "literal": "user",
    "token": 0,
  },
  Token {
    "col": 429,
    "lexeme": "|",
    "line": 14,
    "literal": null,
    "token": 9,
  },
  Token {
    "col": 435,
    "lexeme": "group",
    "line": 14,
    "literal": "group",
    "token": 0,
  },
  Token {
    "col": 436,
    "lexeme": "#",
    "line": 14,
    "literal": null,
    "token": 11,
  },
  Token {
    "col": 442,
    "lexeme": "member",
    "line": 14,
    "literal": "member",
    "token": 0,
  },
  Token {
    "col": 514,
    "lexeme": "relation",
    "line": 17,
    "literal": "relation",
    "token": 2,
  },
  Token {
    "col": 521,
    "lexeme": "reader",
    "line": 17,
    "literal": "reader",
    "token": 0,
  },
  Token {
    "col": 522,
    "lexeme": ":",
    "line": 17,
    "literal": null,
    "token": 12,
  },
  Token {
    "col": 527,
    "lexeme": "user",
    "line": 17,
    "literal": "user",
    "token": 0,
  },
  Token {
    "col": 529,
    "lexeme": "|",
    "line": 17,
    "literal": null,
    "token": 9,
  },
  Token {
    "col": 535,
    "lexeme": "group",
    "line": 17,
    "literal": "group",
    "token": 0,
  },
  Token {
    "col": 536,
    "lexeme": "#",
    "line": 17,
    "literal": null,
    "token": 11,
  },
  Token {
    "col": 542,
    "lexeme": "member",
    "line": 17,
    "literal": "member",
    "token": 0,
  },
  Token {
    "col": 634,
    "lexeme": "permission",
    "line": 20,
    "literal": "permission",
    "token": 3,
  },
  Token {
    "col": 640,
    "lexeme": "write",
    "line": 20,
    "literal": "write",
    "token": 0,
  },
  Token {
    "col": 642,
    "lexeme": "=",
    "line": 20,
    "literal": null,
    "token": 4,
  },
  Token {
    "col": 649,
    "lexeme": "writer",
    "line": 20,
    "literal": "writer",
    "token": 0,
  },
  Token {
    "col": 736,
    "lexeme": "permission",
    "line": 23,
    "literal": "permission",
    "token": 3,
  },
  Token {
    "col": 741,
    "lexeme": "read",
    "line": 23,
    "literal": "read",
    "token": 0,
  },
  Token {
    "col": 743,
    "lexeme": "=",
    "line": 23,
    "literal": null,
    "token": 4,
  },
  Token {
    "col": 750,
    "lexeme": "reader",
    "line": 23,
    "literal": "reader",
    "token": 0,
  },
  Token {
    "col": 752,
    "lexeme": "+",
    "line": 23,
    "literal": null,
    "token": 6,
  },
  Token {
    "col": 758,
    "lexeme": "write",
    "line": 23,
    "literal": "write",
    "token": 0,
  },
  Token {
    "col": 778,
    "lexeme": "permission",
    "line": 25,
    "literal": "permission",
    "token": 3,
  },
  Token {
    "col": 785,
    "lexeme": "nested",
    "line": 25,
    "literal": "nested",
    "token": 0,
  },
  Token {
    "col": 787,
    "lexeme": "=",
    "line": 25,
    "literal": null,
    "token": 4,
  },
  Token {
    "col": 794,
    "lexeme": "reader",
    "line": 25,
    "literal": "reader",
    "token": 0,
  },
  Token {
    "col": 796,
    "lexeme": "->",
    "line": 25,
    "literal": null,
    "token": 10,
  },
  Token {
    "col": 799,
    "lexeme": "foo",
    "line": 25,
    "literal": "foo",
    "token": 0,
  },
  Token {
    "col": 801,
    "lexeme": "&",
    "line": 25,
    "literal": null,
    "token": 7,
  },
  Token {
    "col": 803,
    "lexeme": "(",
    "line": 25,
    "literal": null,
    "token": 15,
  },
  Token {
    "col": 808,
    "lexeme": "write",
    "line": 25,
    "literal": "write",
    "token": 0,
  },
  Token {
    "col": 810,
    "lexeme": "+",
    "line": 25,
    "literal": null,
    "token": 6,
  },
  Token {
    "col": 815,
    "lexeme": "read",
    "line": 25,
    "literal": "read",
    "token": 0,
  },
  Token {
    "col": 816,
    "lexeme": ")",
    "line": 25,
    "literal": null,
    "token": 16,
  },
  Token {
    "col": 822,
    "lexeme": "}",
    "line": 26,
    "literal": null,
    "token": 14,
  },
]
`;
