// Vitest Snapshot v1, https://vitest.dev/guide/snapshot.html

exports[`SpiceDBSchemaParser > parse > should match snapshot 1`] = `
[
  DefinitionStatement {
    "block": BlockStatement {
      "statements": [],
    },
    "resourceName": "user",
  },
  DefinitionStatement {
    "block": BlockStatement {
      "statements": [
        RelationStatement {
          "relationDefinition": RelationDefinitionExpression {
            "expression": IdentifierExpression {
              "relation": Token {
                "col": 109,
                "lexeme": "user",
                "line": 6,
                "literal": "user",
                "token": 0,
              },
            },
          },
          "relationName": "member",
        },
      ],
    },
    "resourceName": "group",
  },
  DefinitionStatement {
    "block": BlockStatement {
      "statements": [
        RelationStatement {
          "relationDefinition": RelationDefinitionExpression {
            "expression": BinaryExpression {
              "lhs": IdentifierExpression {
                "relation": Token {
                  "col": 167,
                  "lexeme": "user",
                  "line": 10,
                  "literal": "user",
                  "token": 0,
                },
              },
              "operator": Token {
                "col": 169,
                "lexeme": "|",
                "line": 10,
                "literal": null,
                "token": 9,
              },
              "rhs": MembershipIdentifierExpression {
                "definition": Token {
                  "col": 175,
                  "lexeme": "group",
                  "line": 10,
                  "literal": "group",
                  "token": 0,
                },
                "relation": Token {
                  "col": 182,
                  "lexeme": "member",
                  "line": 10,
                  "literal": "member",
                  "token": 0,
                },
              },
            },
          },
          "relationName": "foo",
        },
      ],
    },
    "resourceName": "document",
  },
]
`;
